// Vitest Snapshot v1, https://vitest.dev/guide/snapshot.html

exports[`Snapshot Test 1`] = `
<div>
  <div
    class="flex flex-col items-center justify-center py-16 px-4 mb-12 bg-gray-800"
  >
    <div
      class="container"
    >
      <a
        class="self-start mb-8"
        href="/"
      >
        <button
          class="bg-blue-500 hover:bg-blue-700 text-white font-bold py-2 px-4 rounded-md"
        >
          Go Back
        </button>
      </a>
      <div
        class="text-center mb-8 text-white"
      >
        <h1
          class="text-4xl font-bold "
        >
          Page Title
        </h1>
        <h2
          class="text-2xl "
        >
          Page Subtitle
        </h2>
      </div>
      <div>
        Children
      </div>
    </div>
  </div>
</div>
`;
